BL51 BANKED LINKER/LOCATER V6.22.2.0                                                    02/17/2022  10:19:44  PAGE 1


BL51 BANKED LINKER/LOCATER V6.22.2.0, INVOKED BY:
D:\KEIL_V5\KEIL_C51\C51\BIN\BL51.EXE .\Objects\main.obj, .\Objects\i2c.obj TO .\Objects\test PRINT (.\Listings\test.m51)
>>  RAMSIZE (256)


MEMORY MODEL: SMALL


INPUT MODULES INCLUDED:
  .\Objects\main.obj (MAIN)
  .\Objects\i2c.obj (I2C)
  D:\KEIL_V5\KEIL_C51\C51\LIB\C51S.LIB (?C_STARTUP)
  D:\KEIL_V5\KEIL_C51\C51\LIB\C51S.LIB (?C?SIDIV)
  D:\KEIL_V5\KEIL_C51\C51\LIB\C51S.LIB (?C_INIT)
  D:\KEIL_V5\KEIL_C51\C51\LIB\C51S.LIB (?C?UIDIV)


LINK MAP OF MODULE:  .\Objects\test (MAIN)


            TYPE    BASE      LENGTH    RELOCATION   SEGMENT NAME
            -----------------------------------------------------

            * * * * * * *   D A T A   M E M O R Y   * * * * * * *
            REG     0000H     0008H     ABSOLUTE     "REG BANK 0"
            DATA    0008H     0005H     UNIT         ?DT?MAIN
            IDATA   000DH     0001H     UNIT         ?STACK

            * * * * * * *   C O D E   M E M O R Y   * * * * * * *
            CODE    0000H     0003H     ABSOLUTE     
            CODE    0003H     008CH     UNIT         ?C_C51STARTUP
            CODE    008FH     008BH     UNIT         ?C?LIB_CODE
            CODE    011AH     0089H     UNIT         ?PR?DATAPROS?MAIN
            CODE    01A3H     005DH     UNIT         ?PR?KEYPROS?MAIN
            CODE    0200H     004EH     UNIT         ?PR?_I2CSENDBYTE?I2C
            CODE    024EH     0045H     UNIT         ?PR?DIGDISPLAY?MAIN
            CODE    0293H     002BH     UNIT         ?PR?I2CREADBYTE?I2C
            CODE    02BEH     0024H     UNIT         ?PR?DELAY10US?I2C
            CODE    02E2H     0022H     UNIT         ?PR?_AT24C02READ?I2C
            CODE    0304H     0019H     UNIT         ?PR?_AT24C02WRITE?I2C
            CODE    031DH     000FH     UNIT         ?PR?_DELAY?MAIN
            CODE    032CH     000FH     UNIT         ?PR?I2CSTART?I2C
            CODE    033BH     000BH     UNIT         ?PR?MAIN?MAIN
            CODE    0346H     000AH     UNIT         ?CO?MAIN
            CODE    0350H     000AH     UNIT         ?PR?I2CSTOP?I2C
            CODE    035AH     0004H     UNIT         ?C_INITSEG



OVERLAY MAP OF MODULE:   .\Objects\test (MAIN)


SEGMENT
  +--> CALLED SEGMENT
---------------------
?C_C51STARTUP
  +--> ?PR?MAIN?MAIN
  +--> ?C_INITSEG
BL51 BANKED LINKER/LOCATER V6.22.2.0                                                  02/17/2022  10:19:44  PAGE 2



?PR?MAIN?MAIN
  +--> ?PR?KEYPROS?MAIN
  +--> ?PR?DATAPROS?MAIN
  +--> ?PR?DIGDISPLAY?MAIN

?PR?KEYPROS?MAIN
  +--> ?PR?_DELAY?MAIN
  +--> ?PR?_AT24C02WRITE?I2C
  +--> ?PR?_AT24C02READ?I2C

?PR?_AT24C02WRITE?I2C
  +--> ?PR?I2CSTART?I2C
  +--> ?PR?_I2CSENDBYTE?I2C
  +--> ?PR?I2CSTOP?I2C

?PR?I2CSTART?I2C
  +--> ?PR?DELAY10US?I2C

?PR?_I2CSENDBYTE?I2C
  +--> ?PR?DELAY10US?I2C

?PR?I2CSTOP?I2C
  +--> ?PR?DELAY10US?I2C

?PR?_AT24C02READ?I2C
  +--> ?PR?I2CSTART?I2C
  +--> ?PR?_I2CSENDBYTE?I2C
  +--> ?PR?I2CREADBYTE?I2C
  +--> ?PR?I2CSTOP?I2C

?PR?I2CREADBYTE?I2C
  +--> ?PR?DELAY10US?I2C

?PR?DATAPROS?MAIN
  +--> ?CO?MAIN

?PR?DIGDISPLAY?MAIN
  +--> ?PR?_DELAY?MAIN



SYMBOL TABLE OF MODULE:  .\Objects\test (MAIN)

  VALUE           TYPE          NAME
  ----------------------------------

  -------         MODULE        MAIN
  C:0000H         SYMBOL        _ICE_DUMMY_
  D:0080H         PUBLIC        P0
  D:0090H         PUBLIC        P1
  D:00A0H         PUBLIC        P2
  D:00B0H         PUBLIC        P3
  D:00A8H         PUBLIC        IE
  C:0321H         PUBLIC        _delay
  D:00B8H         PUBLIC        IP
  B:00B0H.1       PUBLIC        k1
BL51 BANKED LINKER/LOCATER V6.22.2.0                                                  02/17/2022  10:19:44  PAGE 3


  B:00B0H.0       PUBLIC        k2
  B:00B0H.2       PUBLIC        k3
  B:00B0H.3       PUBLIC        k4
  C:033BH         PUBLIC        main
  D:0008H         PUBLIC        disp
  D:0098H         PUBLIC        SCON
  D:0088H         PUBLIC        TCON
  D:000CH         PUBLIC        num
  B:00A0H.2       PUBLIC        LSA
  B:00A0H.3       PUBLIC        LSB
  B:00A0H.4       PUBLIC        LSC
  C:011AH         PUBLIC        datapros
  D:00C8H         PUBLIC        T2CON
  C:024EH         PUBLIC        DigDisplay
  C:01A3H         PUBLIC        Keypros
  C:0346H         PUBLIC        smgduan
  D:00D0H         PUBLIC        PSW
  C:031DH         SYMBOL        L?0039
  -------         PROC          L?0038
  -------         ENDPROC       L?0038
  C:031DH         SYMBOL        L?0039
  -------         PROC          _DELAY
  D:0006H         SYMBOL        i
  C:0321H         LINE#         34
  C:0321H         LINE#         35
  C:0321H         LINE#         36
  C:032BH         LINE#         37
  -------         ENDPROC       _DELAY
  -------         PROC          KEYPROS
  C:01A3H         LINE#         46
  C:01A3H         LINE#         47
  C:01A3H         LINE#         48
  C:01A6H         LINE#         49
  C:01A6H         LINE#         50
  C:01A9H         LINE#         51
  C:01ACH         LINE#         52
  C:01ACH         LINE#         53
  C:01B3H         LINE#         54
  C:01B3H         LINE#         55
  C:01B6H         LINE#         56
  C:01B6H         LINE#         57
  C:01B9H         LINE#         58
  C:01B9H         LINE#         59
  C:01BCH         LINE#         60
  C:01BFH         LINE#         61
  C:01BFH         LINE#         62
  C:01C6H         LINE#         63
  C:01C6H         LINE#         64
  C:01C9H         LINE#         65
  C:01C9H         LINE#         66
  C:01CCH         LINE#         67
  C:01CCH         LINE#         68
  C:01D3H         LINE#         69
  C:01D6H         LINE#         70
  C:01D6H         LINE#         71
  C:01D8H         LINE#         72
  C:01EDH         LINE#         73
BL51 BANKED LINKER/LOCATER V6.22.2.0                                                  02/17/2022  10:19:44  PAGE 4


  C:01EDH         LINE#         74
  C:01F0H         LINE#         75
  C:01F0H         LINE#         76
  C:01F3H         LINE#         77
  C:01F3H         LINE#         78
  C:01F6H         LINE#         79
  C:01F9H         LINE#         80
  C:01F9H         LINE#         81
  C:01FCH         LINE#         82
  C:01FCH         LINE#         83
  C:01FFH         LINE#         84
  C:01FFH         LINE#         85
  -------         ENDPROC       KEYPROS
  -------         PROC          DATAPROS
  C:011AH         LINE#         93
  C:011AH         LINE#         94
  C:011AH         LINE#         95
  C:0139H         LINE#         96
  C:0161H         LINE#         97
  C:0189H         LINE#         98
  C:01A2H         LINE#         99
  -------         ENDPROC       DATAPROS
  -------         PROC          DIGDISPLAY
  -------         DO            
  D:0005H         SYMBOL        i
  -------         ENDDO         
  C:024EH         LINE#         108
  C:024EH         LINE#         109
  C:024EH         LINE#         111
  C:025AH         LINE#         112
  C:025AH         LINE#         113
  C:0268H         LINE#         114
  C:0268H         LINE#         115
  C:0268H         LINE#         116
  C:026CH         LINE#         117
  C:026CH         LINE#         118
  C:0274H         LINE#         119
  C:0274H         LINE#         120
  C:0278H         LINE#         121
  C:0278H         LINE#         122
  C:027EH         LINE#         123
  C:027EH         LINE#         124
  C:0285H         LINE#         125
  C:028CH         LINE#         126
  C:028FH         LINE#         127
  C:0292H         LINE#         128
  -------         ENDPROC       DIGDISPLAY
  -------         PROC          MAIN
  C:033BH         LINE#         136
  C:033BH         LINE#         137
  C:033BH         LINE#         138
  C:033BH         LINE#         139
  C:033BH         LINE#         140
  C:033EH         LINE#         141
  C:0341H         LINE#         142
  C:0344H         LINE#         143
  -------         ENDPROC       MAIN
BL51 BANKED LINKER/LOCATER V6.22.2.0                                                  02/17/2022  10:19:44  PAGE 5


  -------         ENDMOD        MAIN

  -------         MODULE        I2C
  C:0000H         SYMBOL        _ICE_DUMMY_
  D:0090H         PUBLIC        P1
  D:00A0H         PUBLIC        P2
  C:0200H         PUBLIC        _I2cSendByte
  D:00B0H         PUBLIC        P3
  C:0350H         PUBLIC        I2cStop
  D:00A8H         PUBLIC        IE
  D:00B8H         PUBLIC        IP
  D:0098H         PUBLIC        SCON
  D:0088H         PUBLIC        TCON
  C:02C3H         PUBLIC        Delay10us
  B:00A0H.0       PUBLIC        SDA
  C:02E2H         PUBLIC        _At24c02Read
  B:00A0H.1       PUBLIC        SCL
  D:00C8H         PUBLIC        T2CON
  C:032CH         PUBLIC        I2cStart
  C:0304H         PUBLIC        _At24c02Write
  C:0293H         PUBLIC        I2cReadByte
  D:00D0H         PUBLIC        PSW
  C:02BEH         SYMBOL        L?0024
  -------         PROC          L?0023
  -------         ENDPROC       L?0023
  C:02BEH         SYMBOL        L?0024
  -------         PROC          DELAY10US
  -------         DO            
  D:0006H         SYMBOL        a
  D:0007H         SYMBOL        b
  -------         ENDDO         
  C:02C3H         LINE#         3
  C:02C3H         LINE#         4
  C:02C3H         LINE#         6
  C:02CFH         LINE#         7
  C:02E1H         LINE#         8
  -------         ENDPROC       DELAY10US
  -------         PROC          I2CSTART
  C:032CH         LINE#         9
  C:032CH         LINE#         10
  C:032CH         LINE#         11
  C:032EH         LINE#         12
  C:032EH         LINE#         13
  C:032EH         LINE#         14
  C:0331H         LINE#         15
  C:0333H         LINE#         16
  C:0336H         LINE#         17
  C:0338H         LINE#         18
  -------         ENDPROC       I2CSTART
  -------         PROC          I2CSTOP
  C:0350H         LINE#         20
  C:0350H         LINE#         21
  C:0350H         LINE#         22
  C:0352H         LINE#         23
  C:0352H         LINE#         24
  C:0352H         LINE#         25
  C:0355H         LINE#         26
BL51 BANKED LINKER/LOCATER V6.22.2.0                                                  02/17/2022  10:19:44  PAGE 6


  C:0357H         LINE#         27
  -------         ENDPROC       I2CSTOP
  -------         PROC          _I2CSENDBYTE
  D:0005H         SYMBOL        dat
  -------         DO            
  D:0003H         SYMBOL        a
  D:0002H         SYMBOL        b
  -------         ENDDO         
  C:0200H         LINE#         29
  C:0202H         LINE#         30
  C:0202H         LINE#         31
  C:0205H         LINE#         32
  C:020FH         LINE#         33
  C:020FH         LINE#         34
  C:021AH         LINE#         35
  C:021EH         LINE#         36
  C:021EH         LINE#         37
  C:021EH         LINE#         38
  C:0221H         LINE#         39
  C:0223H         LINE#         40
  C:0226H         LINE#         41
  C:0229H         LINE#         42
  C:022BH         LINE#         43
  C:022EH         LINE#         44
  C:0230H         LINE#         45
  C:0233H         LINE#         46
  C:0233H         LINE#         47
  C:0234H         LINE#         48
  C:023EH         LINE#         49
  C:023EH         LINE#         50
  C:0240H         LINE#         51
  C:0243H         LINE#         52
  C:0246H         LINE#         53
  C:0246H         LINE#         54
  C:0246H         LINE#         55
  C:0248H         LINE#         56
  C:024BH         LINE#         57
  C:024DH         LINE#         58
  -------         ENDPROC       _I2CSENDBYTE
  -------         PROC          I2CREADBYTE
  -------         DO            
  D:0005H         SYMBOL        a
  D:0004H         SYMBOL        dat
  -------         ENDDO         
  C:0293H         LINE#         59
  C:0293H         LINE#         60
  C:0293H         LINE#         61
  C:0296H         LINE#         62
  C:0298H         LINE#         63
  C:029BH         LINE#         64
  C:02A5H         LINE#         65
  C:02A5H         LINE#         66
  C:02A7H         LINE#         67
  C:02AAH         LINE#         68
  C:02AAH         LINE#         69
  C:02B0H         LINE#         70
  C:02B3H         LINE#         71
BL51 BANKED LINKER/LOCATER V6.22.2.0                                                  02/17/2022  10:19:44  PAGE 7


  C:02B5H         LINE#         72
  C:02B8H         LINE#         73
  C:02BBH         LINE#         74
  C:02BDH         LINE#         75
  -------         ENDPROC       I2CREADBYTE
  -------         PROC          _AT24C02WRITE
  D:0001H         SYMBOL        addr
  D:0004H         SYMBOL        dat
  C:0304H         LINE#         76
  C:0308H         LINE#         77
  C:0308H         LINE#         78
  C:030BH         LINE#         79
  C:0310H         LINE#         80
  C:0315H         LINE#         81
  C:031AH         LINE#         82
  -------         ENDPROC       _AT24C02WRITE
  -------         PROC          _AT24C02READ
  D:0004H         SYMBOL        addr
  -------         DO            
  D:0005H         SYMBOL        num
  -------         ENDDO         
  C:02E2H         LINE#         84
  C:02E4H         LINE#         85
  C:02E4H         LINE#         87
  C:02E7H         LINE#         88
  C:02ECH         LINE#         89
  C:02F1H         LINE#         90
  C:02F4H         LINE#         91
  C:02F9H         LINE#         92
  C:02FEH         LINE#         93
  C:0301H         LINE#         94
  C:0303H         LINE#         95
  -------         ENDPROC       _AT24C02READ
  -------         ENDMOD        I2C

  -------         MODULE        ?C?SIDIV
  C:008FH         PUBLIC        ?C?SIDIV
  -------         ENDMOD        ?C?SIDIV

  -------         MODULE        ?C?UIDIV
  C:00C5H         PUBLIC        ?C?UIDIV
  -------         ENDMOD        ?C?UIDIV

Program Size: data=14.0 xdata=0 code=862
LINK/LOCATE RUN COMPLETE.  0 WARNING(S),  0 ERROR(S)
